# Insertion in added sequence > Position in reference
>Bacteria_Bacteroidota_Bacteroidia_Flavobacteriales_Flavobacteriaceae_Aquimarina_Aquimarina_litoralis--HQ908675.1.1447
12u - 13a > 11v12
48c - 48c > 45v46
1426u - 1426u > 1422v1423
1447a - 1447a > 1442v1443
>Bacteria_Proteobacteria_Alphaproteobacteria_Rhodobacterales_Rhodobacteraceae_Mameliella_Mameliella_alba--KF924609.1.1411
1060g - 1060g > 1059v1060
1178u - 1178u > 1176v1177
>Bacteria_Proteobacteria_Alphaproteobacteria_Rhodobacterales_Rhodobacteraceae_Ruegeria_Ruegeria_sp--MH807595.1.1300
462n - 462n > 461v462
845n - 845n > 843v844
1022g - 1022g > 1019v1020
1140u - 1140u > 1136v1137
>Bacteria_Bdellovibrionota_Bdellovibrionia_Bacteriovoracales_Bacteriovoracaceae_Halobacteriovorax_Halobacteriovorax_sp._PA1--KR493097.1.1472
78u - 79g > 77v78
>Bacteria_Proteobacteria_Gammaproteobacteria_Pseudomonadales_Halomonadaceae_Cobetia_Cobetia_marina--KP236304.1.1190
1035u - 1035u > 1034v1035
1085u - 1085u > 1083v1084
1125c - 1125c > 1122v1123
1169g - 1169g > 1165v1166
>Bacteria_Actinobacteriota_Actinobacteria_Micrococcales_Micrococcaceae_Micrococcus_Micrococcus_yunnanensis--FJ214355.1.1426
949c - 949c > 948v949
>Bacteria_Proteobacteria_Gammaproteobacteria_Pseudomonadales_Marinobacteraceae_Marinobacter_Marinobacter_salsuginis--EF028328.1.1487
1u - 1u > 0v1
>Bacteria_Firmicutes_Bacilli_Exiguobacterales_Exiguobacteraceae_Exiguobacterium_Exiguobacterium_sp._R1t9--DQ530521.1.770
301g - 302c > 300v301
469c - 469c > 466v467
>Bacteria_Firmicutes_Bacilli_Bacillales_Bacillaceae_Bacillus_Bacillus_lehensis--AY793550.1.1525
1a - 9u > 0v1
638c - 638c > 628v629
852g - 853a > 841v842
>Bacteria_Proteobacteria_Gammaproteobacteria_Enterobacterales_Vibrionaceae_Salinivibrio_Salinivibrio_costicola--AM945651.1.1344
131u - 143a > 130v131
>Bacteria_Proteobacteria_Alphaproteobacteria_Rhodobacterales_Rhodobacteraceae_Paracoccus_Paracoccus_marcusii--AF139992.1.1427
1189u - 1189u > 1188v1189
1328a - 1328a > 1326v1327
>Bacteria_Firmicutes_Bacilli_Bacillales_Planococcaceae_Planococcus_Planococcus_rifietoensis--AJ493659.1.1531
621u - 621u > 620v621
990g - 990g > 988v989
1522g - 1531c > 1519v1520
>Bacteria_Actinobacteriota_Actinobacteria_Micrococcales_Micrococcaceae_Micrococcus_Micrococcus_luteus--AB023371.1.1468
1287c - 1287c > 1286v1287
>Bacteria_Proteobacteria_Gammaproteobacteria_Enterobacterales_Yersiniaceae_Serratia_Serratia_marcescens--AB061685.1.1532
1g - 1g > 0v1
1524g - 1532c > 1522v1523
>Bacteria_Proteobacteria_Gammaproteobacteria_Enterobacterales_Vibrionaceae_Vibrio_Vibrio_alginolyticus--AB680916.1.1478
63c - 75a > 62v63
>Bacteria_Proteobacteria_Gammaproteobacteria_Enterobacterales_Vibrionaceae_Vibrio_Vibrio_tubiashii--AB680929.1.1479
63c - 75a > 62v63
1440n - 1440n > 1426v1427
>Bacteria_Proteobacteria_Gammaproteobacteria_Enterobacterales_Vibrionaceae_Vibrio_Vibrio_owensii--AB793687.1.1466
63c - 75a > 62v63
355c - 355c > 341v342
374a - 375u > 359v360
391u - 391u > 374v375
1103u - 1103u > 1085v1086
1113u - 1113u > 1094v1095
1138c - 1138c > 1118v1119
>Bacteria_Proteobacteria_Gammaproteobacteria_Enterobacterales_Vibrionaceae_Vibrio_Vibrio_coralliilyticus--AJ316167.1.1468
63c - 75a > 62v63
>Bacteria_Proteobacteria_Gammaproteobacteria_Enterobacterales_Vibrionaceae_Vibrio_Vibrio_shiloi_A203--ASHJ01000914.4404.5936
83c - 95a > 82v83
1514c - 1532u > 1500v1501
>Bacteria_Proteobacteria_Gammaproteobacteria_Enterobacterales_Pseudoalteromonadaceae_Pseudoalteromonas_Pseudoalteromonas_piratica--CP009888.154507.156046
1u - 9a > 0v1
1523g - 1540a > 1513v1514
>Bacteria_Campylobacterota_Campylobacteria_Campylobacterales_Arcobacteraceae_Malaciobacter_uncultured_bacterium--JF831360.1.915
95a - 95a > 94v95
737a - 737a > 735v736
878a - 878a > 875v876
>Bacteria_Cyanobacteria_Cyanobacteriia_Cyanobacteriales_Desertifilaceae_Roseofilum_AO1-A_Roseofilum_reptotaenium_AO1-A--MLAW01000094.181.1675
2a - 8a > 1v2
1476g - 1495a > 1468v1469
>Bacteria_Proteobacteria_Alphaproteobacteria_Rhodobacterales_Rhodobacteraceae_Ruegeria_Ruegeria_sp--MH807595.1.1300
462n - 462n > 461v462
845n - 845n > 843v844
1022g - 1022g > 1019v1020
1140u - 1140u > 1136v1137
>Bacteria_Bdellovibrionota_Bdellovibrionia_Bacteriovoracales_Bacteriovoracaceae_Halobacteriovorax_Halobacteriovorax_sp._PA1--KR493097.1.1472
78u - 79g > 77v78
>Bacteria_Proteobacteria_Gammaproteobacteria_Pseudomonadales_Halomonadaceae_Cobetia_Cobetia_marina--KP236304.1.1190
1035u - 1035u > 1034v1035
1085u - 1085u > 1083v1084
1125c - 1125c > 1122v1123
1169g - 1169g > 1165v1166
>Bacteria_Actinobacteriota_Actinobacteria_Micrococcales_Micrococcaceae_Micrococcus_Micrococcus_yunnanensis--FJ214355.1.1426
949c - 949c > 948v949
>Bacteria_Proteobacteria_Gammaproteobacteria_Pseudomonadales_Marinobacteraceae_Marinobacter_Marinobacter_salsuginis--EF028328.1.1487
1u - 1u > 0v1
>Bacteria_Firmicutes_Bacilli_Exiguobacterales_Exiguobacteraceae_Exiguobacterium_Exiguobacterium_sp._R1t9--DQ530521.1.770
301g - 302c > 300v301
469c - 469c > 466v467
>Bacteria_Firmicutes_Bacilli_Bacillales_Bacillaceae_Bacillus_Bacillus_lehensis--AY793550.1.1525
1a - 9u > 0v1
638c - 638c > 628v629
852g - 853a > 841v842
>Bacteria_Proteobacteria_Gammaproteobacteria_Enterobacterales_Vibrionaceae_Salinivibrio_Salinivibrio_costicola--AM945651.1.1344
131u - 143a > 130v131
>Bacteria_Proteobacteria_Alphaproteobacteria_Rhodobacterales_Rhodobacteraceae_Paracoccus_Paracoccus_marcusii--AF139992.1.1427
1189u - 1189u > 1188v1189
1328a - 1328a > 1326v1327
>Bacteria_Firmicutes_Bacilli_Bacillales_Planococcaceae_Planococcus_Planococcus_rifietoensis--AJ493659.1.1531
621u - 621u > 620v621
990g - 990g > 988v989
1522g - 1531c > 1519v1520
>Bacteria_Actinobacteriota_Actinobacteria_Micrococcales_Micrococcaceae_Micrococcus_Micrococcus_luteus--AB023371.1.1468
1287c - 1287c > 1286v1287
>Bacteria_Proteobacteria_Gammaproteobacteria_Enterobacterales_Yersiniaceae_Serratia_Serratia_marcescens--AB061685.1.1532
1g - 1g > 0v1
1524g - 1532c > 1522v1523
>Bacteria_Proteobacteria_Gammaproteobacteria_Enterobacterales_Vibrionaceae_Vibrio_Vibrio_alginolyticus--AB680916.1.1478
63c - 75a > 62v63
>Bacteria_Proteobacteria_Gammaproteobacteria_Enterobacterales_Vibrionaceae_Vibrio_Vibrio_tubiashii--AB680929.1.1479
63c - 75a > 62v63
1440n - 1440n > 1426v1427
>Bacteria_Proteobacteria_Gammaproteobacteria_Enterobacterales_Vibrionaceae_Vibrio_Vibrio_owensii--AB793687.1.1466
63c - 75a > 62v63
355c - 355c > 341v342
374a - 375u > 359v360
391u - 391u > 374v375
1103u - 1103u > 1085v1086
1113u - 1113u > 1094v1095
1138c - 1138c > 1118v1119
>Bacteria_Proteobacteria_Gammaproteobacteria_Enterobacterales_Vibrionaceae_Vibrio_Vibrio_coralliilyticus--AJ316167.1.1468
63c - 75a > 62v63
>Bacteria_Proteobacteria_Gammaproteobacteria_Enterobacterales_Vibrionaceae_Vibrio_Vibrio_shiloi_A203--ASHJ01000914.4404.5936
83c - 95a > 82v83
1514c - 1532u > 1500v1501
>Bacteria_Proteobacteria_Gammaproteobacteria_Enterobacterales_Pseudoalteromonadaceae_Pseudoalteromonas_Pseudoalteromonas_piratica--CP009888.154507.156046
1u - 9a > 0v1
1523g - 1540a > 1513v1514
>Bacteria_Campylobacterota_Campylobacteria_Campylobacterales_Arcobacteraceae_Malaciobacter_uncultured_bacterium--JF831360.1.915
95a - 95a > 94v95
737a - 737a > 735v736
878a - 878a > 875v876
>Bacteria_Cyanobacteria_Cyanobacteriia_Cyanobacteriales_Desertifilaceae_Roseofilum_AO1-A_Roseofilum_reptotaenium_AO1-A--MLAW01000094.181.1675
2a - 8a > 1v2
1476g - 1495a > 1468v1469
>Bacteria_Proteobacteria_Alphaproteobacteria_Rhodobacterales_Rhodobacteraceae_Ruegeria_Ruegeria_sp--MH807595.1.1300
462n - 462n > 461v462
845n - 845n > 843v844
1022g - 1022g > 1019v1020
1140u - 1140u > 1136v1137
>Bacteria_Bdellovibrionota_Bdellovibrionia_Bacteriovoracales_Bacteriovoracaceae_Halobacteriovorax_Halobacteriovorax_sp._PA1--KR493097.1.1472
78u - 79g > 77v78
>Bacteria_Proteobacteria_Gammaproteobacteria_Pseudomonadales_Halomonadaceae_Cobetia_Cobetia_marina--KP236304.1.1190
1035u - 1035u > 1034v1035
1085u - 1085u > 1083v1084
1125c - 1125c > 1122v1123
1169g - 1169g > 1165v1166
>Bacteria_Actinobacteriota_Actinobacteria_Micrococcales_Micrococcaceae_Micrococcus_Micrococcus_yunnanensis--FJ214355.1.1426
949c - 949c > 948v949
>Bacteria_Proteobacteria_Gammaproteobacteria_Pseudomonadales_Marinobacteraceae_Marinobacter_Marinobacter_salsuginis--EF028328.1.1487
1u - 1u > 0v1
>Bacteria_Firmicutes_Bacilli_Exiguobacterales_Exiguobacteraceae_Exiguobacterium_Exiguobacterium_sp._R1t9--DQ530521.1.770
301g - 302c > 300v301
469c - 469c > 466v467
>Bacteria_Firmicutes_Bacilli_Bacillales_Bacillaceae_Bacillus_Bacillus_lehensis--AY793550.1.1525
1a - 9u > 0v1
638c - 638c > 628v629
852g - 853a > 841v842
>Bacteria_Proteobacteria_Gammaproteobacteria_Enterobacterales_Vibrionaceae_Salinivibrio_Salinivibrio_costicola--AM945651.1.1344
131u - 143a > 130v131
>Bacteria_Proteobacteria_Alphaproteobacteria_Rhodobacterales_Rhodobacteraceae_Paracoccus_Paracoccus_marcusii--AF139992.1.1427
1189u - 1189u > 1188v1189
1328a - 1328a > 1326v1327
>Bacteria_Firmicutes_Bacilli_Bacillales_Planococcaceae_Planococcus_Planococcus_rifietoensis--AJ493659.1.1531
621u - 621u > 620v621
990g - 990g > 988v989
1522g - 1531c > 1519v1520
>Bacteria_Actinobacteriota_Actinobacteria_Micrococcales_Micrococcaceae_Micrococcus_Micrococcus_luteus--AB023371.1.1468
1287c - 1287c > 1286v1287
>Bacteria_Proteobacteria_Gammaproteobacteria_Enterobacterales_Yersiniaceae_Serratia_Serratia_marcescens--AB061685.1.1532
1g - 1g > 0v1
1524g - 1532c > 1522v1523
>Bacteria_Proteobacteria_Gammaproteobacteria_Enterobacterales_Vibrionaceae_Vibrio_Vibrio_alginolyticus--AB680916.1.1478
63c - 75a > 62v63
>Bacteria_Proteobacteria_Gammaproteobacteria_Enterobacterales_Vibrionaceae_Vibrio_Vibrio_tubiashii--AB680929.1.1479
63c - 75a > 62v63
1440n - 1440n > 1426v1427
>Bacteria_Proteobacteria_Gammaproteobacteria_Enterobacterales_Vibrionaceae_Vibrio_Vibrio_owensii--AB793687.1.1466
63c - 75a > 62v63
355c - 355c > 341v342
374a - 375u > 359v360
391u - 391u > 374v375
1103u - 1103u > 1085v1086
1113u - 1113u > 1094v1095
1138c - 1138c > 1118v1119
>Bacteria_Proteobacteria_Gammaproteobacteria_Enterobacterales_Vibrionaceae_Vibrio_Vibrio_coralliilyticus--AJ316167.1.1468
63c - 75a > 62v63
>Bacteria_Proteobacteria_Gammaproteobacteria_Enterobacterales_Vibrionaceae_Vibrio_Vibrio_shiloi_A203--ASHJ01000914.4404.5936
83c - 95a > 82v83
1514c - 1532u > 1500v1501
>Bacteria_Proteobacteria_Gammaproteobacteria_Enterobacterales_Pseudoalteromonadaceae_Pseudoalteromonas_Pseudoalteromonas_piratica--CP009888.154507.156046
1u - 9a > 0v1
1523g - 1540a > 1513v1514
>Bacteria_Campylobacterota_Campylobacteria_Campylobacterales_Arcobacteraceae_Malaciobacter_uncultured_bacterium--JF831360.1.915
95a - 95a > 94v95
737a - 737a > 735v736
878a - 878a > 875v876
>Bacteria_Cyanobacteria_Cyanobacteriia_Cyanobacteriales_Desertifilaceae_Roseofilum_AO1-A_Roseofilum_reptotaenium_AO1-A--MLAW01000094.181.1675
2a - 8a > 1v2
1476g - 1495a > 1468v1469
>Bacteria_Proteobacteria_Alphaproteobacteria_Rhodobacterales_Rhodobacteraceae_Ruegeria_Ruegeria_sp--MH807595.1.1300
462n - 462n > 461v462
845n - 845n > 843v844
1022g - 1022g > 1019v1020
1140u - 1140u > 1136v1137
>Bacteria_Bdellovibrionota_Bdellovibrionia_Bacteriovoracales_Bacteriovoracaceae_Halobacteriovorax_Halobacteriovorax_sp._PA1--KR493097.1.1472
78u - 79g > 77v78
>Bacteria_Proteobacteria_Gammaproteobacteria_Pseudomonadales_Halomonadaceae_Cobetia_Cobetia_marina--KP236304.1.1190
1035u - 1035u > 1034v1035
1085u - 1085u > 1083v1084
1125c - 1125c > 1122v1123
1169g - 1169g > 1165v1166
>Bacteria_Actinobacteriota_Actinobacteria_Micrococcales_Micrococcaceae_Micrococcus_Micrococcus_yunnanensis--FJ214355.1.1426
949c - 949c > 948v949
>Bacteria_Proteobacteria_Gammaproteobacteria_Pseudomonadales_Marinobacteraceae_Marinobacter_Marinobacter_salsuginis--EF028328.1.1487
1u - 1u > 0v1
>Bacteria_Firmicutes_Bacilli_Exiguobacterales_Exiguobacteraceae_Exiguobacterium_Exiguobacterium_sp._R1t9--DQ530521.1.770
301g - 302c > 300v301
469c - 469c > 466v467
>Bacteria_Firmicutes_Bacilli_Bacillales_Bacillaceae_Bacillus_Bacillus_lehensis--AY793550.1.1525
1a - 9u > 0v1
638c - 638c > 628v629
852g - 853a > 841v842
>Bacteria_Proteobacteria_Gammaproteobacteria_Enterobacterales_Vibrionaceae_Salinivibrio_Salinivibrio_costicola--AM945651.1.1344
131u - 143a > 130v131
>Bacteria_Proteobacteria_Alphaproteobacteria_Rhodobacterales_Rhodobacteraceae_Paracoccus_Paracoccus_marcusii--AF139992.1.1427
1189u - 1189u > 1188v1189
1328a - 1328a > 1326v1327
>Bacteria_Firmicutes_Bacilli_Bacillales_Planococcaceae_Planococcus_Planococcus_rifietoensis--AJ493659.1.1531
621u - 621u > 620v621
990g - 990g > 988v989
1522g - 1531c > 1519v1520
>Bacteria_Actinobacteriota_Actinobacteria_Micrococcales_Micrococcaceae_Micrococcus_Micrococcus_luteus--AB023371.1.1468
1287c - 1287c > 1286v1287
>Bacteria_Proteobacteria_Gammaproteobacteria_Enterobacterales_Yersiniaceae_Serratia_Serratia_marcescens--AB061685.1.1532
1g - 1g > 0v1
1524g - 1532c > 1522v1523
>Bacteria_Proteobacteria_Gammaproteobacteria_Enterobacterales_Vibrionaceae_Vibrio_Vibrio_alginolyticus--AB680916.1.1478
63c - 75a > 62v63
>Bacteria_Proteobacteria_Gammaproteobacteria_Enterobacterales_Vibrionaceae_Vibrio_Vibrio_tubiashii--AB680929.1.1479
63c - 75a > 62v63
1440n - 1440n > 1426v1427
>Bacteria_Proteobacteria_Gammaproteobacteria_Enterobacterales_Vibrionaceae_Vibrio_Vibrio_owensii--AB793687.1.1466
63c - 75a > 62v63
355c - 355c > 341v342
374a - 375u > 359v360
391u - 391u > 374v375
1103u - 1103u > 1085v1086
1113u - 1113u > 1094v1095
1138c - 1138c > 1118v1119
>Bacteria_Proteobacteria_Gammaproteobacteria_Enterobacterales_Vibrionaceae_Vibrio_Vibrio_coralliilyticus--AJ316167.1.1468
63c - 75a > 62v63
>Bacteria_Proteobacteria_Gammaproteobacteria_Enterobacterales_Vibrionaceae_Vibrio_Vibrio_shiloi_A203--ASHJ01000914.4404.5936
83c - 95a > 82v83
1514c - 1532u > 1500v1501
>Bacteria_Proteobacteria_Gammaproteobacteria_Enterobacterales_Pseudoalteromonadaceae_Pseudoalteromonas_Pseudoalteromonas_piratica--CP009888.154507.156046
1u - 9a > 0v1
1523g - 1540a > 1513v1514
>Bacteria_Campylobacterota_Campylobacteria_Campylobacterales_Arcobacteraceae_Malaciobacter_uncultured_bacterium--JF831360.1.915
95a - 95a > 94v95
737a - 737a > 735v736
878a - 878a > 875v876
>Bacteria_Cyanobacteria_Cyanobacteriia_Cyanobacteriales_Desertifilaceae_Roseofilum_AO1-A_Roseofilum_reptotaenium_AO1-A--MLAW01000094.181.1675
2a - 8a > 1v2
1476g - 1495a > 1468v1469
>Bacteria_Proteobacteria_Alphaproteobacteria_Rhodobacterales_Rhodobacteraceae_Ruegeria_Ruegeria_sp--MH807595.1.1300
462n - 462n > 461v462
845n - 845n > 843v844
1022g - 1022g > 1019v1020
1140u - 1140u > 1136v1137
>Bacteria_Bdellovibrionota_Bdellovibrionia_Bacteriovoracales_Bacteriovoracaceae_Halobacteriovorax_Halobacteriovorax_sp._PA1--KR493097.1.1472
78u - 79g > 77v78
>Bacteria_Proteobacteria_Gammaproteobacteria_Pseudomonadales_Halomonadaceae_Cobetia_Cobetia_marina--KP236304.1.1190
1035u - 1035u > 1034v1035
1085u - 1085u > 1083v1084
1125c - 1125c > 1122v1123
1169g - 1169g > 1165v1166
>Bacteria_Actinobacteriota_Actinobacteria_Micrococcales_Micrococcaceae_Micrococcus_Micrococcus_yunnanensis--FJ214355.1.1426
949c - 949c > 948v949
>Bacteria_Proteobacteria_Gammaproteobacteria_Pseudomonadales_Marinobacteraceae_Marinobacter_Marinobacter_salsuginis--EF028328.1.1487
1u - 1u > 0v1
>Bacteria_Firmicutes_Bacilli_Exiguobacterales_Exiguobacteraceae_Exiguobacterium_Exiguobacterium_sp._R1t9--DQ530521.1.770
301g - 302c > 300v301
469c - 469c > 466v467
>Bacteria_Firmicutes_Bacilli_Bacillales_Bacillaceae_Bacillus_Bacillus_lehensis--AY793550.1.1525
1a - 9u > 0v1
638c - 638c > 628v629
852g - 853a > 841v842
>Bacteria_Proteobacteria_Gammaproteobacteria_Enterobacterales_Vibrionaceae_Salinivibrio_Salinivibrio_costicola--AM945651.1.1344
131u - 143a > 130v131
>Bacteria_Proteobacteria_Alphaproteobacteria_Rhodobacterales_Rhodobacteraceae_Paracoccus_Paracoccus_marcusii--AF139992.1.1427
1189u - 1189u > 1188v1189
1328a - 1328a > 1326v1327
>Bacteria_Firmicutes_Bacilli_Bacillales_Planococcaceae_Planococcus_Planococcus_rifietoensis--AJ493659.1.1531
621u - 621u > 620v621
990g - 990g > 988v989
1522g - 1531c > 1519v1520
>Bacteria_Actinobacteriota_Actinobacteria_Micrococcales_Micrococcaceae_Micrococcus_Micrococcus_luteus--AB023371.1.1468
1287c - 1287c > 1286v1287
>Bacteria_Proteobacteria_Gammaproteobacteria_Enterobacterales_Yersiniaceae_Serratia_Serratia_marcescens--AB061685.1.1532
1g - 1g > 0v1
1524g - 1532c > 1522v1523
>Bacteria_Proteobacteria_Gammaproteobacteria_Enterobacterales_Vibrionaceae_Vibrio_Vibrio_alginolyticus--AB680916.1.1478
63c - 75a > 62v63
>Bacteria_Proteobacteria_Gammaproteobacteria_Enterobacterales_Vibrionaceae_Vibrio_Vibrio_tubiashii--AB680929.1.1479
63c - 75a > 62v63
1440n - 1440n > 1426v1427
>Bacteria_Proteobacteria_Gammaproteobacteria_Enterobacterales_Vibrionaceae_Vibrio_Vibrio_owensii--AB793687.1.1466
63c - 75a > 62v63
355c - 355c > 341v342
374a - 375u > 359v360
391u - 391u > 374v375
1103u - 1103u > 1085v1086
1113u - 1113u > 1094v1095
1138c - 1138c > 1118v1119
>Bacteria_Proteobacteria_Gammaproteobacteria_Enterobacterales_Vibrionaceae_Vibrio_Vibrio_coralliilyticus--AJ316167.1.1468
63c - 75a > 62v63
>Bacteria_Proteobacteria_Gammaproteobacteria_Enterobacterales_Vibrionaceae_Vibrio_Vibrio_shiloi_A203--ASHJ01000914.4404.5936
83c - 95a > 82v83
1514c - 1532u > 1500v1501
>Bacteria_Proteobacteria_Gammaproteobacteria_Enterobacterales_Pseudoalteromonadaceae_Pseudoalteromonas_Pseudoalteromonas_piratica--CP009888.154507.156046
1u - 9a > 0v1
1523g - 1540a > 1513v1514
>Bacteria_Campylobacterota_Campylobacteria_Campylobacterales_Arcobacteraceae_Malaciobacter_uncultured_bacterium--JF831360.1.915
95a - 95a > 94v95
737a - 737a > 735v736
878a - 878a > 875v876
>Bacteria_Cyanobacteria_Cyanobacteriia_Cyanobacteriales_Desertifilaceae_Roseofilum_AO1-A_Roseofilum_reptotaenium_AO1-A--MLAW01000094.181.1675
2a - 8a > 1v2
1476g - 1495a > 1468v1469
>Bacteria_Proteobacteria_Alphaproteobacteria_Rhodobacterales_Rhodobacteraceae_Ruegeria_Ruegeria_sp--MH807595.1.1300
462n - 462n > 461v462
845n - 845n > 843v844
1022g - 1022g > 1019v1020
1140u - 1140u > 1136v1137
>Bacteria_Bdellovibrionota_Bdellovibrionia_Bacteriovoracales_Bacteriovoracaceae_Halobacteriovorax_Halobacteriovorax_sp._PA1--KR493097.1.1472
78u - 79g > 77v78
>Bacteria_Proteobacteria_Gammaproteobacteria_Pseudomonadales_Halomonadaceae_Cobetia_Cobetia_marina--KP236304.1.1190
1035u - 1035u > 1034v1035
1085u - 1085u > 1083v1084
1125c - 1125c > 1122v1123
1169g - 1169g > 1165v1166
>Bacteria_Actinobacteriota_Actinobacteria_Micrococcales_Micrococcaceae_Micrococcus_Micrococcus_yunnanensis--FJ214355.1.1426
949c - 949c > 948v949
>Bacteria_Proteobacteria_Gammaproteobacteria_Pseudomonadales_Marinobacteraceae_Marinobacter_Marinobacter_salsuginis--EF028328.1.1487
1u - 1u > 0v1
>Bacteria_Firmicutes_Bacilli_Exiguobacterales_Exiguobacteraceae_Exiguobacterium_Exiguobacterium_sp._R1t9--DQ530521.1.770
301g - 302c > 300v301
469c - 469c > 466v467
>Bacteria_Firmicutes_Bacilli_Bacillales_Bacillaceae_Bacillus_Bacillus_lehensis--AY793550.1.1525
1a - 9u > 0v1
638c - 638c > 628v629
852g - 853a > 841v842
>Bacteria_Proteobacteria_Gammaproteobacteria_Enterobacterales_Vibrionaceae_Salinivibrio_Salinivibrio_costicola--AM945651.1.1344
131u - 143a > 130v131
>Bacteria_Proteobacteria_Alphaproteobacteria_Rhodobacterales_Rhodobacteraceae_Paracoccus_Paracoccus_marcusii--AF139992.1.1427
1189u - 1189u > 1188v1189
1328a - 1328a > 1326v1327
>Bacteria_Firmicutes_Bacilli_Bacillales_Planococcaceae_Planococcus_Planococcus_rifietoensis--AJ493659.1.1531
621u - 621u > 620v621
990g - 990g > 988v989
1522g - 1531c > 1519v1520
>Bacteria_Actinobacteriota_Actinobacteria_Micrococcales_Micrococcaceae_Micrococcus_Micrococcus_luteus--AB023371.1.1468
1287c - 1287c > 1286v1287
>Bacteria_Proteobacteria_Gammaproteobacteria_Enterobacterales_Yersiniaceae_Serratia_Serratia_marcescens--AB061685.1.1532
1g - 1g > 0v1
1524g - 1532c > 1522v1523
>Bacteria_Proteobacteria_Gammaproteobacteria_Enterobacterales_Vibrionaceae_Vibrio_Vibrio_alginolyticus--AB680916.1.1478
63c - 75a > 62v63
>Bacteria_Proteobacteria_Gammaproteobacteria_Enterobacterales_Vibrionaceae_Vibrio_Vibrio_tubiashii--AB680929.1.1479
63c - 75a > 62v63
1440n - 1440n > 1426v1427
>Bacteria_Proteobacteria_Gammaproteobacteria_Enterobacterales_Vibrionaceae_Vibrio_Vibrio_owensii--AB793687.1.1466
63c - 75a > 62v63
355c - 355c > 341v342
374a - 375u > 359v360
391u - 391u > 374v375
1103u - 1103u > 1085v1086
1113u - 1113u > 1094v1095
1138c - 1138c > 1118v1119
>Bacteria_Proteobacteria_Gammaproteobacteria_Enterobacterales_Vibrionaceae_Vibrio_Vibrio_coralliilyticus--AJ316167.1.1468
63c - 75a > 62v63
>Bacteria_Proteobacteria_Gammaproteobacteria_Enterobacterales_Vibrionaceae_Vibrio_Vibrio_shiloi_A203--ASHJ01000914.4404.5936
83c - 95a > 82v83
1514c - 1532u > 1500v1501
>Bacteria_Proteobacteria_Gammaproteobacteria_Enterobacterales_Pseudoalteromonadaceae_Pseudoalteromonas_Pseudoalteromonas_piratica--CP009888.154507.156046
1u - 9a > 0v1
1523g - 1540a > 1513v1514
>Bacteria_Campylobacterota_Campylobacteria_Campylobacterales_Arcobacteraceae_Malaciobacter_uncultured_bacterium--JF831360.1.915
95a - 95a > 94v95
737a - 737a > 735v736
878a - 878a > 875v876
>Bacteria_Cyanobacteria_Cyanobacteriia_Cyanobacteriales_Desertifilaceae_Roseofilum_AO1-A_Roseofilum_reptotaenium_AO1-A--MLAW01000094.181.1675
2a - 8a > 1v2
1476g - 1495a > 1468v1469
>Bacteria_Proteobacteria_Alphaproteobacteria_Rhodobacterales_Rhodobacteraceae_Ruegeria_Ruegeria_sp--MH807595.1.1300
462n - 462n > 461v462
845n - 845n > 843v844
1022g - 1022g > 1019v1020
1140u - 1140u > 1136v1137
>Bacteria_Bdellovibrionota_Bdellovibrionia_Bacteriovoracales_Bacteriovoracaceae_Halobacteriovorax_Halobacteriovorax_sp._PA1--KR493097.1.1472
78u - 79g > 77v78
>Bacteria_Proteobacteria_Gammaproteobacteria_Pseudomonadales_Halomonadaceae_Cobetia_Cobetia_marina--KP236304.1.1190
1035u - 1035u > 1034v1035
1085u - 1085u > 1083v1084
1125c - 1125c > 1122v1123
1169g - 1169g > 1165v1166
>Bacteria_Actinobacteriota_Actinobacteria_Micrococcales_Micrococcaceae_Micrococcus_Micrococcus_yunnanensis--FJ214355.1.1426
949c - 949c > 948v949
>Bacteria_Proteobacteria_Gammaproteobacteria_Pseudomonadales_Marinobacteraceae_Marinobacter_Marinobacter_salsuginis--EF028328.1.1487
1u - 1u > 0v1
>Bacteria_Firmicutes_Bacilli_Exiguobacterales_Exiguobacteraceae_Exiguobacterium_Exiguobacterium_sp._R1t9--DQ530521.1.770
301g - 302c > 300v301
469c - 469c > 466v467
>Bacteria_Firmicutes_Bacilli_Bacillales_Bacillaceae_Bacillus_Bacillus_lehensis--AY793550.1.1525
1a - 9u > 0v1
638c - 638c > 628v629
852g - 853a > 841v842
>Bacteria_Proteobacteria_Gammaproteobacteria_Enterobacterales_Vibrionaceae_Salinivibrio_Salinivibrio_costicola--AM945651.1.1344
131u - 143a > 130v131
>Bacteria_Proteobacteria_Alphaproteobacteria_Rhodobacterales_Rhodobacteraceae_Paracoccus_Paracoccus_marcusii--AF139992.1.1427
1189u - 1189u > 1188v1189
1328a - 1328a > 1326v1327
>Bacteria_Firmicutes_Bacilli_Bacillales_Planococcaceae_Planococcus_Planococcus_rifietoensis--AJ493659.1.1531
621u - 621u > 620v621
990g - 990g > 988v989
1522g - 1531c > 1519v1520
>Bacteria_Actinobacteriota_Actinobacteria_Micrococcales_Micrococcaceae_Micrococcus_Micrococcus_luteus--AB023371.1.1468
1287c - 1287c > 1286v1287
>Bacteria_Proteobacteria_Gammaproteobacteria_Enterobacterales_Yersiniaceae_Serratia_Serratia_marcescens--AB061685.1.1532
1g - 1g > 0v1
1524g - 1532c > 1522v1523
>Bacteria_Proteobacteria_Gammaproteobacteria_Enterobacterales_Vibrionaceae_Vibrio_Vibrio_alginolyticus--AB680916.1.1478
63c - 75a > 62v63
>Bacteria_Proteobacteria_Gammaproteobacteria_Enterobacterales_Vibrionaceae_Vibrio_Vibrio_tubiashii--AB680929.1.1479
63c - 75a > 62v63
1440n - 1440n > 1426v1427
>Bacteria_Proteobacteria_Gammaproteobacteria_Enterobacterales_Vibrionaceae_Vibrio_Vibrio_owensii--AB793687.1.1466
63c - 75a > 62v63
355c - 355c > 341v342
374a - 375u > 359v360
391u - 391u > 374v375
1103u - 1103u > 1085v1086
1113u - 1113u > 1094v1095
1138c - 1138c > 1118v1119
>Bacteria_Proteobacteria_Gammaproteobacteria_Enterobacterales_Vibrionaceae_Vibrio_Vibrio_coralliilyticus--AJ316167.1.1468
63c - 75a > 62v63
>Bacteria_Proteobacteria_Gammaproteobacteria_Enterobacterales_Vibrionaceae_Vibrio_Vibrio_shiloi_A203--ASHJ01000914.4404.5936
83c - 95a > 82v83
1514c - 1532u > 1500v1501
>Bacteria_Proteobacteria_Gammaproteobacteria_Enterobacterales_Pseudoalteromonadaceae_Pseudoalteromonas_Pseudoalteromonas_piratica--CP009888.154507.156046
1u - 9a > 0v1
1523g - 1540a > 1513v1514
>Bacteria_Campylobacterota_Campylobacteria_Campylobacterales_Arcobacteraceae_Malaciobacter_uncultured_bacterium--JF831360.1.915
95a - 95a > 94v95
737a - 737a > 735v736
878a - 878a > 875v876
>Bacteria_Cyanobacteria_Cyanobacteriia_Cyanobacteriales_Desertifilaceae_Roseofilum_AO1-A_Roseofilum_reptotaenium_AO1-A--MLAW01000094.181.1675
2a - 8a > 1v2
1476g - 1495a > 1468v1469
>Bacteria_Proteobacteria_Alphaproteobacteria_Rhodobacterales_Rhodobacteraceae_Ruegeria_Ruegeria_sp--MH807595.1.1300
462n - 462n > 461v462
845n - 845n > 843v844
1022g - 1022g > 1019v1020
1140u - 1140u > 1136v1137
>Bacteria_Bdellovibrionota_Bdellovibrionia_Bacteriovoracales_Bacteriovoracaceae_Halobacteriovorax_Halobacteriovorax_sp._PA1--KR493097.1.1472
78u - 79g > 77v78
>Bacteria_Proteobacteria_Gammaproteobacteria_Pseudomonadales_Halomonadaceae_Cobetia_Cobetia_marina--KP236304.1.1190
1035u - 1035u > 1034v1035
1085u - 1085u > 1083v1084
1125c - 1125c > 1122v1123
1169g - 1169g > 1165v1166
>Bacteria_Actinobacteriota_Actinobacteria_Micrococcales_Micrococcaceae_Micrococcus_Micrococcus_yunnanensis--FJ214355.1.1426
949c - 949c > 948v949
>Bacteria_Proteobacteria_Gammaproteobacteria_Pseudomonadales_Marinobacteraceae_Marinobacter_Marinobacter_salsuginis--EF028328.1.1487
1u - 1u > 0v1
>Bacteria_Firmicutes_Bacilli_Exiguobacterales_Exiguobacteraceae_Exiguobacterium_Exiguobacterium_sp._R1t9--DQ530521.1.770
301g - 302c > 300v301
469c - 469c > 466v467
>Bacteria_Firmicutes_Bacilli_Bacillales_Bacillaceae_Bacillus_Bacillus_lehensis--AY793550.1.1525
1a - 9u > 0v1
638c - 638c > 628v629
852g - 853a > 841v842
>Bacteria_Proteobacteria_Gammaproteobacteria_Enterobacterales_Vibrionaceae_Salinivibrio_Salinivibrio_costicola--AM945651.1.1344
131u - 143a > 130v131
>Bacteria_Proteobacteria_Alphaproteobacteria_Rhodobacterales_Rhodobacteraceae_Paracoccus_Paracoccus_marcusii--AF139992.1.1427
1189u - 1189u > 1188v1189
1328a - 1328a > 1326v1327
>Bacteria_Firmicutes_Bacilli_Bacillales_Planococcaceae_Planococcus_Planococcus_rifietoensis--AJ493659.1.1531
621u - 621u > 620v621
990g - 990g > 988v989
1522g - 1531c > 1519v1520
>Bacteria_Actinobacteriota_Actinobacteria_Micrococcales_Micrococcaceae_Micrococcus_Micrococcus_luteus--AB023371.1.1468
1287c - 1287c > 1286v1287
>Bacteria_Proteobacteria_Gammaproteobacteria_Enterobacterales_Yersiniaceae_Serratia_Serratia_marcescens--AB061685.1.1532
1g - 1g > 0v1
1524g - 1532c > 1522v1523
>Bacteria_Proteobacteria_Gammaproteobacteria_Enterobacterales_Vibrionaceae_Vibrio_Vibrio_alginolyticus--AB680916.1.1478
63c - 75a > 62v63
>Bacteria_Proteobacteria_Gammaproteobacteria_Enterobacterales_Vibrionaceae_Vibrio_Vibrio_tubiashii--AB680929.1.1479
63c - 75a > 62v63
1440n - 1440n > 1426v1427
>Bacteria_Proteobacteria_Gammaproteobacteria_Enterobacterales_Vibrionaceae_Vibrio_Vibrio_owensii--AB793687.1.1466
63c - 75a > 62v63
355c - 355c > 341v342
374a - 375u > 359v360
391u - 391u > 374v375
1103u - 1103u > 1085v1086
1113u - 1113u > 1094v1095
1138c - 1138c > 1118v1119
>Bacteria_Proteobacteria_Gammaproteobacteria_Enterobacterales_Vibrionaceae_Vibrio_Vibrio_coralliilyticus--AJ316167.1.1468
63c - 75a > 62v63
>Bacteria_Proteobacteria_Gammaproteobacteria_Enterobacterales_Vibrionaceae_Vibrio_Vibrio_shiloi_A203--ASHJ01000914.4404.5936
83c - 95a > 82v83
1514c - 1532u > 1500v1501
>Bacteria_Proteobacteria_Gammaproteobacteria_Enterobacterales_Pseudoalteromonadaceae_Pseudoalteromonas_Pseudoalteromonas_piratica--CP009888.154507.156046
1u - 9a > 0v1
1523g - 1540a > 1513v1514
>Bacteria_Campylobacterota_Campylobacteria_Campylobacterales_Arcobacteraceae_Malaciobacter_uncultured_bacterium--JF831360.1.915
95a - 95a > 94v95
737a - 737a > 735v736
878a - 878a > 875v876
>Bacteria_Cyanobacteria_Cyanobacteriia_Cyanobacteriales_Desertifilaceae_Roseofilum_AO1-A_Roseofilum_reptotaenium_AO1-A--MLAW01000094.181.1675
2a - 8a > 1v2
1476g - 1495a > 1468v1469
>Bacteria_Proteobacteria_Alphaproteobacteria_Rhodobacterales_Rhodobacteraceae_Ruegeria_Ruegeria_sp--MH807595.1.1300
462n - 462n > 461v462
845n - 845n > 843v844
1022g - 1022g > 1019v1020
1140u - 1140u > 1136v1137
>Bacteria_Bdellovibrionota_Bdellovibrionia_Bacteriovoracales_Bacteriovoracaceae_Halobacteriovorax_Halobacteriovorax_sp._PA1--KR493097.1.1472
78u - 79g > 77v78
>Bacteria_Proteobacteria_Gammaproteobacteria_Pseudomonadales_Halomonadaceae_Cobetia_Cobetia_marina--KP236304.1.1190
1035u - 1035u > 1034v1035
1085u - 1085u > 1083v1084
1125c - 1125c > 1122v1123
1169g - 1169g > 1165v1166
>Bacteria_Actinobacteriota_Actinobacteria_Micrococcales_Micrococcaceae_Micrococcus_Micrococcus_yunnanensis--FJ214355.1.1426
949c - 949c > 948v949
>Bacteria_Proteobacteria_Gammaproteobacteria_Pseudomonadales_Marinobacteraceae_Marinobacter_Marinobacter_salsuginis--EF028328.1.1487
1u - 1u > 0v1
>Bacteria_Firmicutes_Bacilli_Exiguobacterales_Exiguobacteraceae_Exiguobacterium_Exiguobacterium_sp._R1t9--DQ530521.1.770
301g - 302c > 300v301
469c - 469c > 466v467
>Bacteria_Firmicutes_Bacilli_Bacillales_Bacillaceae_Bacillus_Bacillus_lehensis--AY793550.1.1525
1a - 9u > 0v1
638c - 638c > 628v629
852g - 853a > 841v842
>Bacteria_Proteobacteria_Gammaproteobacteria_Enterobacterales_Vibrionaceae_Salinivibrio_Salinivibrio_costicola--AM945651.1.1344
131u - 143a > 130v131
>Bacteria_Proteobacteria_Alphaproteobacteria_Rhodobacterales_Rhodobacteraceae_Paracoccus_Paracoccus_marcusii--AF139992.1.1427
1189u - 1189u > 1188v1189
1328a - 1328a > 1326v1327
>Bacteria_Firmicutes_Bacilli_Bacillales_Planococcaceae_Planococcus_Planococcus_rifietoensis--AJ493659.1.1531
621u - 621u > 620v621
990g - 990g > 988v989
1522g - 1531c > 1519v1520
>Bacteria_Actinobacteriota_Actinobacteria_Micrococcales_Micrococcaceae_Micrococcus_Micrococcus_luteus--AB023371.1.1468
1287c - 1287c > 1286v1287
>Bacteria_Proteobacteria_Gammaproteobacteria_Enterobacterales_Yersiniaceae_Serratia_Serratia_marcescens--AB061685.1.1532
1g - 1g > 0v1
1524g - 1532c > 1522v1523
>Bacteria_Proteobacteria_Gammaproteobacteria_Enterobacterales_Vibrionaceae_Vibrio_Vibrio_alginolyticus--AB680916.1.1478
63c - 75a > 62v63
>Bacteria_Proteobacteria_Gammaproteobacteria_Enterobacterales_Vibrionaceae_Vibrio_Vibrio_tubiashii--AB680929.1.1479
63c - 75a > 62v63
1440n - 1440n > 1426v1427
>Bacteria_Proteobacteria_Gammaproteobacteria_Enterobacterales_Vibrionaceae_Vibrio_Vibrio_owensii--AB793687.1.1466
63c - 75a > 62v63
355c - 355c > 341v342
374a - 375u > 359v360
391u - 391u > 374v375
1103u - 1103u > 1085v1086
1113u - 1113u > 1094v1095
1138c - 1138c > 1118v1119
>Bacteria_Proteobacteria_Gammaproteobacteria_Enterobacterales_Vibrionaceae_Vibrio_Vibrio_coralliilyticus--AJ316167.1.1468
63c - 75a > 62v63
>Bacteria_Proteobacteria_Gammaproteobacteria_Enterobacterales_Vibrionaceae_Vibrio_Vibrio_shiloi_A203--ASHJ01000914.4404.5936
83c - 95a > 82v83
1514c - 1532u > 1500v1501
>Bacteria_Proteobacteria_Gammaproteobacteria_Enterobacterales_Pseudoalteromonadaceae_Pseudoalteromonas_Pseudoalteromonas_piratica--CP009888.154507.156046
1u - 9a > 0v1
1523g - 1540a > 1513v1514
>Bacteria_Campylobacterota_Campylobacteria_Campylobacterales_Arcobacteraceae_Malaciobacter_uncultured_bacterium--JF831360.1.915
95a - 95a > 94v95
737a - 737a > 735v736
878a - 878a > 875v876
>Bacteria_Cyanobacteria_Cyanobacteriia_Cyanobacteriales_Desertifilaceae_Roseofilum_AO1-A_Roseofilum_reptotaenium_AO1-A--MLAW01000094.181.1675
2a - 8a > 1v2
1476g - 1495a > 1468v1469
>Bacteria_Proteobacteria_Alphaproteobacteria_Rhodobacterales_Rhodobacteraceae_Ruegeria_Ruegeria_sp--MH807595.1.1300
462n - 462n > 461v462
845n - 845n > 843v844
1022g - 1022g > 1019v1020
1140u - 1140u > 1136v1137
>Bacteria_Bdellovibrionota_Bdellovibrionia_Bacteriovoracales_Bacteriovoracaceae_Halobacteriovorax_Halobacteriovorax_sp._PA1--KR493097.1.1472
78u - 79g > 77v78
>Bacteria_Proteobacteria_Gammaproteobacteria_Pseudomonadales_Halomonadaceae_Cobetia_Cobetia_marina--KP236304.1.1190
1035u - 1035u > 1034v1035
1085u - 1085u > 1083v1084
1125c - 1125c > 1122v1123
1169g - 1169g > 1165v1166
>Bacteria_Actinobacteriota_Actinobacteria_Micrococcales_Micrococcaceae_Micrococcus_Micrococcus_yunnanensis--FJ214355.1.1426
949c - 949c > 948v949
>Bacteria_Proteobacteria_Gammaproteobacteria_Pseudomonadales_Marinobacteraceae_Marinobacter_Marinobacter_salsuginis--EF028328.1.1487
1u - 1u > 0v1
>Bacteria_Firmicutes_Bacilli_Exiguobacterales_Exiguobacteraceae_Exiguobacterium_Exiguobacterium_sp._R1t9--DQ530521.1.770
301g - 302c > 300v301
469c - 469c > 466v467
>Bacteria_Firmicutes_Bacilli_Bacillales_Bacillaceae_Bacillus_Bacillus_lehensis--AY793550.1.1525
1a - 9u > 0v1
638c - 638c > 628v629
852g - 853a > 841v842
>Bacteria_Proteobacteria_Gammaproteobacteria_Enterobacterales_Vibrionaceae_Salinivibrio_Salinivibrio_costicola--AM945651.1.1344
131u - 143a > 130v131
>Bacteria_Proteobacteria_Alphaproteobacteria_Rhodobacterales_Rhodobacteraceae_Paracoccus_Paracoccus_marcusii--AF139992.1.1427
1189u - 1189u > 1188v1189
1328a - 1328a > 1326v1327
>Bacteria_Firmicutes_Bacilli_Bacillales_Planococcaceae_Planococcus_Planococcus_rifietoensis--AJ493659.1.1531
621u - 621u > 620v621
990g - 990g > 988v989
1522g - 1531c > 1519v1520
>Bacteria_Actinobacteriota_Actinobacteria_Micrococcales_Micrococcaceae_Micrococcus_Micrococcus_luteus--AB023371.1.1468
1287c - 1287c > 1286v1287
>Bacteria_Proteobacteria_Gammaproteobacteria_Enterobacterales_Yersiniaceae_Serratia_Serratia_marcescens--AB061685.1.1532
1g - 1g > 0v1
1524g - 1532c > 1522v1523
>Bacteria_Proteobacteria_Gammaproteobacteria_Enterobacterales_Vibrionaceae_Vibrio_Vibrio_alginolyticus--AB680916.1.1478
63c - 75a > 62v63
>Bacteria_Proteobacteria_Gammaproteobacteria_Enterobacterales_Vibrionaceae_Vibrio_Vibrio_tubiashii--AB680929.1.1479
63c - 75a > 62v63
1440n - 1440n > 1426v1427
>Bacteria_Proteobacteria_Gammaproteobacteria_Enterobacterales_Vibrionaceae_Vibrio_Vibrio_owensii--AB793687.1.1466
63c - 75a > 62v63
355c - 355c > 341v342
374a - 375u > 359v360
391u - 391u > 374v375
1103u - 1103u > 1085v1086
1113u - 1113u > 1094v1095
1138c - 1138c > 1118v1119
>Bacteria_Proteobacteria_Gammaproteobacteria_Enterobacterales_Vibrionaceae_Vibrio_Vibrio_coralliilyticus--AJ316167.1.1468
63c - 75a > 62v63
>Bacteria_Proteobacteria_Gammaproteobacteria_Enterobacterales_Vibrionaceae_Vibrio_Vibrio_shiloi_A203--ASHJ01000914.4404.5936
83c - 95a > 82v83
1514c - 1532u > 1500v1501
>Bacteria_Proteobacteria_Gammaproteobacteria_Enterobacterales_Pseudoalteromonadaceae_Pseudoalteromonas_Pseudoalteromonas_piratica--CP009888.154507.156046
1u - 9a > 0v1
1523g - 1540a > 1513v1514
>Bacteria_Campylobacterota_Campylobacteria_Campylobacterales_Arcobacteraceae_Malaciobacter_uncultured_bacterium--JF831360.1.915
95a - 95a > 94v95
737a - 737a > 735v736
878a - 878a > 875v876
>Bacteria_Cyanobacteria_Cyanobacteriia_Cyanobacteriales_Desertifilaceae_Roseofilum_AO1-A_Roseofilum_reptotaenium_AO1-A--MLAW01000094.181.1675
2a - 8a > 1v2
1476g - 1495a > 1468v1469
